// Jest Snapshot v1, https://goo.gl/fbAQLP

exports[`UserEnter component renders UserEnter 1`] = `
<Fragment>
  <UserSearch
    onUserChange={[Function]}
    onUserSubmit={[Function]}
    username=""
  />
</Fragment>
`;
