// Jest Snapshot v1, https://goo.gl/fbAQLP

exports[`User component renders Repos 1`] = `
<figure>
  <img />
  <figcaption>
    <p />
    <p />
    <p>
       
    </p>
    <p />
  </figcaption>
</figure>
`;
